// Jest Snapshot v1, https://goo.gl/fbAQLP

exports[`renders correnctly 1`] = `ShallowWrapper {}`;

exports[`renders the state with an empyt list of gift 1`] = `ShallowWrapper {}`;
