// Jest Snapshot v1, https://goo.gl/fbAQLP

exports[`App renders correnctly 1`] = `ShallowWrapper {}`;

exports[`Gift init a persion and present in \`state\` 1`] = `ShallowWrapper {}`;

exports[`Gift renders correnctly 1`] = `ShallowWrapper {}`;
