// Jest Snapshot v1, https://goo.gl/fbAQLP

exports[`App renders correnctly 1`] = `ShallowWrapper {}`;

exports[`Wallet renders correnctly 1`] = `ShallowWrapper {}`;
