// Jest Snapshot v1, https://goo.gl/fbAQLP

exports[`Gift renders correnctly 1`] = `ShallowWrapper {}`;
